Connecting to: localhost:5001
Stopped at tests/debugger/do_abort.js:24
(jjs-debugger) s
Stopped at tests/debugger/do_abort.js:25
(jjs-debugger) s
Stopped at tests/debugger/do_abort.js:26
(jjs-debugger) s
Stopped at tests/debugger/do_abort.js:20 (in g() at line:19, col:1)
(jjs-debugger) s
Stopped at tests/debugger/do_abort.js:16 (in f() at line:15, col:1)
(jjs-debugger) abort new Error('Fatal error :)')
Unhandled exception: Error: Fatal error :)
