Connecting to: localhost:5001
Stopped at tests/debugger/do_eval_syntax.js:24
(jjs-debugger) n
Stopped at tests/debugger/do_eval_syntax.js:26
(jjs-debugger) eval loop
Uncaught exception: Error
(jjs-debugger) c
bar function
