Connecting to: localhost:5001
Stopped at tests/debugger/do_list.js:15
(jjs-debugger) b do_list.js:18
Breakpoint 1 at tests/debugger/do_list.js:18
(jjs-debugger) b do_list.js:19
Breakpoint 2 at tests/debugger/do_list.js:19
(jjs-debugger) list
=== Active breakpoints  ===
 1: tests/debugger/do_list.js:18
 2: tests/debugger/do_list.js:19
(jjs-debugger) quit
